// Jest Snapshot v1, https://goo.gl/fbAQLP

exports[`renders without crashing 1`] = `
<div
  className="App"
>
  <header
    className="App-header"
  >
    <h1
      className="App-title"
    >
      My Own MarkDown Editor
    </h1>
  </header>
  <p
    className="App-intro"
  >
    let's write some MarkDown MOFOS!
  </p>
</div>
`;
